// Bun Snapshot v1, https://bun.sh/docs/test/snapshots

exports[`parse correctly 1`] = `
[
  {
    "attributes": {},
    "children": [
      {
        "attributes": {},
        "children": undefined,
        "name": "hr",
      },
      {
        "attributes": {
          "data-index": "2",
          "src": "a.jpg",
        },
        "children": undefined,
        "name": "img",
      },
      {
        "attributes": {
          "id": "x34",
        },
        "children": [
          "1234 &amp;",
        ],
        "name": "p",
      },
      {
        "attributes": {
          "class": "d3 d2",
          "id": "container",
        },
        "children": [
          {
            "attributes": {
              "data-id": "xx",
              "readonly": true,
              "value": "1 2 3",
            },
            "children": undefined,
            "name": "input",
          },
        ],
        "name": "div",
      },
    ],
    "name": "div",
  },
]
`;

exports[`parse correctly 2`] = `
[
  {
    "attributes": {},
    "children": [
      {
        "attributes": {},
        "children": [
          {
            "attributes": {},
            "children": undefined,
            "name": "br",
          },
        ],
        "name": "p",
      },
      {
        "attributes": {
          "data-mce-style": "text-align: center; font-size: 15px;",
          "style": "text-align: center; font-size: 15px;",
        },
        "children": [
          {
            "attributes": {
              "alt": "Tiny M C E",
              "data-mce-src": "images/glyph-tinymce@2x.png",
              "height": "97",
              "src": "https://www.tinymce.com/images/glyph-tinymce@2x.png",
              "width": "110",
            },
            "children": undefined,
            "name": "img",
          },
        ],
        "name": "p",
      },
      {
        "attributes": {
          "style": "text-align: center; color: #666; font-size: 15px; font-family: avenir;",
        },
        "children": [
          "This demo includes these TinyMCE Premium",
          {
            "attributes": {
              "class": "mce-spellchecker-word",
              "data-mce-bogus": "1",
              "data-mce-index": "0",
              "data-mce-word": "Plugins",
            },
            "children": [
              "Plugins",
            ],
            "name": "span",
          },
          ":",
          {
            "attributes": {
              "data-mce-href": "powerpaste",
              "data-mce-linkchecker-status": "valid",
              "href": "https://www.tinymce.com/powerpaste",
            },
            "children": [
              "PowerPaste",
            ],
            "name": "a",
          },
          "(improved Word paste),",
          {
            "attributes": {
              "data-mce-href": "accessibility-checker",
              "data-mce-linkchecker-status": "valid",
              "href": "https://www.tinymce.com/accessibility-checker",
            },
            "children": [
              "Accessibility Checker",
            ],
            "name": "a",
          },
          ",",
          {
            "attributes": {
              "data-mce-href": "spell-checker-pro",
              "data-mce-linkchecker-status": "valid",
              "href": "https://www.tinymce.com/spell-checker-pro",
            },
            "children": [
              "Spell Checker Pro",
            ],
            "name": "a",
          },
          "&amp; file management with",
          {
            "attributes": {
              "data-mce-href": "http://www.moxiemanager.com",
              "data-mce-linkchecker-status": "valid",
              "href": "http://www.moxiemanager.com",
            },
            "children": [
              "MoxieManager",
            ],
            "name": "a",
          },
          ".",
        ],
        "name": "p",
      },
      {
        "attributes": {
          "data-mce-style": "text-align: center; color: #666; font-size: 15px; font-family: avenir; font-weight: 200;",
          "style": "text-align: center; color: #666; font-size: 15px; font-family: avenir; font-weight: 200;",
        },
        "children": [
          "TinyMCE is a platform indepen",
          {
            "attributes": {},
            "children": [
              "dent web-",
            ],
            "name": "strong",
          },
          "based JavaScript HTML WYSIWYG",
          {
            "attributes": {},
            "children": undefined,
            "name": "br",
          },
          "editor control released as open source",
          {
            "attributes": {},
            "children": [
              "under",
            ],
            "name": "em",
          },
          "LGPL.",
        ],
        "name": "p",
      },
      {
        "attributes": {
          "data-mce-style": "text-align: center; color: #666; font-size: 15px; font-family: avenir; font-weight: 200;",
          "style": "text-align: center; color: #666; font-size: 15px; font-family: avenir; font-weight: 200;",
        },
        "children": [
          {
            "attributes": {},
            "children": [
              "TinyMCE enables you to convert HTML",
              {
                "attributes": {
                  "class": "mce-spellchecker-word",
                  "data-mce-bogus": "1",
                  "data-mce-index": "0",
                  "data-mce-word": "textarea",
                },
                "children": [
                  "textarea",
                ],
                "name": "span",
              },
              "fields or other HTML elements to editor instances.",
            ],
            "name": "em",
          },
        ],
        "name": "p",
      },
      {
        "attributes": {},
        "children": [
          {
            "attributes": {},
            "children": undefined,
            "name": "br",
          },
        ],
        "name": "p",
      },
    ],
    "name": "div",
  },
]
`;

exports[`parse xml correctly 1`] = `
[
  {
    "attributes": {
      "mediaPresentationDuration": "PT0H3M1.63S",
      "minBufferTime": "PT1.5S",
      "profiles": "urn:mpeg:dash:profile:isoff-on-demand:2011",
      "type": "static",
      "xmlns": "urn:mpeg:DASH:schema:MPD:2011",
      "xmlns:ytdrm": "http://youtube.com/ytdrm",
    },
    "children": [
      {
        "attributes": {
          "duration": "PT0H3M1.63S",
          "start": "PT0S",
        },
        "children": [
          {
            "attributes": {},
            "children": [
              {
                "attributes": {
                  "contentType": "video",
                  "id": "1",
                },
                "children": undefined,
                "name": "ContentComponent",
              },
              {
                "attributes": {
                  "schemeIdUri": "com.youtube.clearkey",
                },
                "children": [
                  {
                    "attributes": {
                      "key": "1a8a2095e4deb2d29ec816ac7bae2082",
                      "keyid": "60061e017e477e877e57d00d1ed00d1e",
                    },
                    "children": undefined,
                    "name": "ytdrm:License",
                  },
                ],
                "name": "ContentProtection",
              },
              {
                "attributes": {
                  "bandwidth": "4190760",
                  "codecs": "avc1.640028",
                  "height": "1080",
                  "id": "1",
                  "mimeType": "video/mp4",
                  "width": "1920",
                },
                "children": [
                  {
                    "attributes": {},
                    "children": [
                      "car_cenc-20120827-89.mp4",
                    ],
                    "name": "BaseURL",
                  },
                  {
                    "attributes": {
                      "indexRange": "2755-3230",
                    },
                    "children": [
                      {
                        "attributes": {
                          "range": "0-2754",
                        },
                        "children": undefined,
                        "name": "Initialization",
                      },
                    ],
                    "name": "SegmentBase",
                  },
                ],
                "name": "Representation",
              },
              {
                "attributes": {
                  "bandwidth": "2073921",
                  "codecs": "avc1.4d401f",
                  "height": "720",
                  "id": "2",
                  "mimeType": "video/mp4",
                  "width": "1280",
                },
                "children": [
                  {
                    "attributes": {},
                    "children": [
                      "car_cenc-20120827-88.mp4",
                    ],
                    "name": "BaseURL",
                  },
                  {
                    "attributes": {
                      "indexRange": "2789-3264",
                    },
                    "children": [
                      {
                        "attributes": {
                          "range": "0-2788",
                        },
                        "children": undefined,
                        "name": "Initialization",
                      },
                    ],
                    "name": "SegmentBase",
                  },
                ],
                "name": "Representation",
              },
            ],
            "name": "AdaptationSet",
          },
          {
            "attributes": {},
            "children": [
              {
                "attributes": {
                  "contentType": "audio",
                  "id": "2",
                },
                "children": undefined,
                "name": "ContentComponent",
              },
              {
                "attributes": {
                  "schemeIdUri": "com.youtube.clearkey",
                },
                "children": [
                  {
                    "attributes": {
                      "key": "1a8a2095e4deb2d29ec816ac7bae2082",
                      "keyid": "60061e017e477e877e57d00d1ed00d1e",
                    },
                    "children": undefined,
                    "name": "ytdrm:License",
                  },
                ],
                "name": "ContentProtection",
              },
              {
                "attributes": {
                  "bandwidth": "127236",
                  "codecs": "mp4a.40.02",
                  "id": "6",
                  "mimeType": "audio/mp4",
                  "numChannels": "2",
                  "sampleRate": "44100",
                },
                "children": [
                  {
                    "attributes": {},
                    "children": [
                      "car_cenc-20120827-8c.mp4",
                    ],
                    "name": "BaseURL",
                  },
                  {
                    "attributes": {
                      "indexRange": "2673-2932",
                    },
                    "children": [
                      {
                        "attributes": {
                          "range": "0-2672",
                        },
                        "children": undefined,
                        "name": "Initialization",
                      },
                    ],
                    "name": "SegmentBase",
                  },
                ],
                "name": "Representation",
              },
            ],
            "name": "AdaptationSet",
          },
        ],
        "name": "Period",
      },
    ],
    "name": "MPD",
  },
]
`;
