// Bun Snapshot v1, https://bun.sh/docs/test/snapshots

exports[`tokenize parse correctly 1`] = `
[
  {
    "attributes": {},
    "name": "div",
    "type": "start",
  },
  {
    "attributes": {},
    "name": "hr",
    "type": "self-close",
  },
  {
    "attributes": {
      "data-index": "2",
      "src": "a.jpg",
    },
    "name": "img",
    "type": "self-close",
  },
  {
    "attributes": {
      "id": "x34",
    },
    "name": "p",
    "type": "start",
  },
  {
    "type": "string",
    "value": "1234 &amp;",
  },
  {
    "name": "p",
    "type": "end",
  },
  {
    "attributes": {
      "class": "d3 d2",
      "id": "container",
    },
    "name": "div",
    "type": "start",
  },
  {
    "attributes": {
      "data-id": "xx",
      "readonly": true,
      "value": "1 2 3",
    },
    "name": "input",
    "type": "self-close",
  },
  {
    "name": "div",
    "type": "end",
  },
  {
    "name": "div",
    "type": "end",
  },
]
`;

exports[`tokenize parse correctly 2`] = `
[
  {
    "attributes": {},
    "name": "div",
    "type": "start",
  },
  {
    "attributes": {},
    "name": "p",
    "type": "start",
  },
  {
    "attributes": {},
    "name": "br",
    "type": "self-close",
  },
  {
    "name": "p",
    "type": "end",
  },
  {
    "attributes": {
      "data-mce-style": "text-align: center; font-size: 15px;",
      "style": "text-align: center; font-size: 15px;",
    },
    "name": "p",
    "type": "start",
  },
  {
    "attributes": {
      "alt": "Tiny M C E",
      "data-mce-src": "images/glyph-tinymce@2x.png",
      "height": "97",
      "src": "https://www.tinymce.com/images/glyph-tinymce@2x.png",
      "width": "110",
    },
    "name": "img",
    "type": "self-close",
  },
  {
    "name": "p",
    "type": "end",
  },
  {
    "attributes": {
      "style": "text-align: center; color: #666; font-size: 15px; font-family: avenir;",
    },
    "name": "p",
    "type": "start",
  },
  {
    "type": "string",
    "value": "This demo includes these TinyMCE Premium",
  },
  {
    "attributes": {
      "class": "mce-spellchecker-word",
      "data-mce-bogus": "1",
      "data-mce-index": "0",
      "data-mce-word": "Plugins",
    },
    "name": "span",
    "type": "start",
  },
  {
    "type": "string",
    "value": "Plugins",
  },
  {
    "name": "span",
    "type": "end",
  },
  {
    "type": "string",
    "value": ":",
  },
  {
    "attributes": {
      "data-mce-href": "powerpaste",
      "data-mce-linkchecker-status": "valid",
      "href": "https://www.tinymce.com/powerpaste",
    },
    "name": "a",
    "type": "start",
  },
  {
    "type": "string",
    "value": "PowerPaste",
  },
  {
    "name": "a",
    "type": "end",
  },
  {
    "type": "string",
    "value": "(improved Word paste),",
  },
  {
    "attributes": {
      "data-mce-href": "accessibility-checker",
      "data-mce-linkchecker-status": "valid",
      "href": "https://www.tinymce.com/accessibility-checker",
    },
    "name": "a",
    "type": "start",
  },
  {
    "type": "string",
    "value": "Accessibility Checker",
  },
  {
    "name": "a",
    "type": "end",
  },
  {
    "type": "string",
    "value": ",",
  },
  {
    "attributes": {
      "data-mce-href": "spell-checker-pro",
      "data-mce-linkchecker-status": "valid",
      "href": "https://www.tinymce.com/spell-checker-pro",
    },
    "name": "a",
    "type": "start",
  },
  {
    "type": "string",
    "value": "Spell Checker Pro",
  },
  {
    "name": "a",
    "type": "end",
  },
  {
    "type": "string",
    "value": "&amp; file management with",
  },
  {
    "attributes": {
      "data-mce-href": "http://www.moxiemanager.com",
      "data-mce-linkchecker-status": "valid",
      "href": "http://www.moxiemanager.com",
    },
    "name": "a",
    "type": "start",
  },
  {
    "type": "string",
    "value": "MoxieManager",
  },
  {
    "name": "a",
    "type": "end",
  },
  {
    "type": "string",
    "value": ".",
  },
  {
    "name": "p",
    "type": "end",
  },
  {
    "attributes": {
      "data-mce-style": "text-align: center; color: #666; font-size: 15px; font-family: avenir; font-weight: 200;",
      "style": "text-align: center; color: #666; font-size: 15px; font-family: avenir; font-weight: 200;",
    },
    "name": "p",
    "type": "start",
  },
  {
    "type": "string",
    "value": "TinyMCE is a platform indepen",
  },
  {
    "attributes": {},
    "name": "strong",
    "type": "start",
  },
  {
    "type": "string",
    "value": "dent web-",
  },
  {
    "name": "strong",
    "type": "end",
  },
  {
    "type": "string",
    "value": "based JavaScript HTML WYSIWYG",
  },
  {
    "attributes": {},
    "name": "br",
    "type": "self-close",
  },
  {
    "type": "string",
    "value": "editor control released as open source",
  },
  {
    "attributes": {},
    "name": "em",
    "type": "start",
  },
  {
    "type": "string",
    "value": "under",
  },
  {
    "name": "em",
    "type": "end",
  },
  {
    "type": "string",
    "value": "LGPL.",
  },
  {
    "name": "p",
    "type": "end",
  },
  {
    "attributes": {
      "data-mce-style": "text-align: center; color: #666; font-size: 15px; font-family: avenir; font-weight: 200;",
      "style": "text-align: center; color: #666; font-size: 15px; font-family: avenir; font-weight: 200;",
    },
    "name": "p",
    "type": "start",
  },
  {
    "attributes": {},
    "name": "em",
    "type": "start",
  },
  {
    "type": "string",
    "value": "TinyMCE enables you to convert HTML",
  },
  {
    "attributes": {
      "class": "mce-spellchecker-word",
      "data-mce-bogus": "1",
      "data-mce-index": "0",
      "data-mce-word": "textarea",
    },
    "name": "span",
    "type": "start",
  },
  {
    "type": "string",
    "value": "textarea",
  },
  {
    "name": "span",
    "type": "end",
  },
  {
    "type": "string",
    "value": "fields or other HTML elements to editor instances.",
  },
  {
    "name": "em",
    "type": "end",
  },
  {
    "name": "p",
    "type": "end",
  },
  {
    "attributes": {},
    "name": "p",
    "type": "start",
  },
  {
    "attributes": {},
    "name": "br",
    "type": "self-close",
  },
  {
    "name": "p",
    "type": "end",
  },
  {
    "name": "div",
    "type": "end",
  },
]
`;
