// Jest Snapshot v1, https://goo.gl/fbAQLP

exports[`tokenizer parse correctly 1`] = `
Array [
  Object {
    "attributes": Object {},
    "name": "div",
    "type": "start",
  },
  Object {
    "attributes": Object {},
    "name": "hr",
    "type": "self-close",
  },
  Object {
    "attributes": Object {
      "data-index": "2",
      "src": "a.jpg",
    },
    "name": "img",
    "type": "self-close",
  },
  Object {
    "attributes": Object {
      "id": "x3",
    },
    "name": "p",
    "type": "start",
  },
  Object {
    "type": "string",
    "value": "1234 &amp;",
  },
  Object {
    "name": "p",
    "type": "end",
  },
  Object {
    "attributes": Object {
      "class": "d3 d2\\" i",
    },
    "name": "div",
    "type": "start",
  },
  Object {
    "attributes": Object {
      "readonly": "true",
      "value": "123",
    },
    "name": "input",
    "type": "self-close",
  },
  Object {
    "name": "div",
    "type": "end",
  },
  Object {
    "name": "div",
    "type": "end",
  },
]
`;

exports[`tokenizer parse correctly 2`] = `
Array [
  Object {
    "attributes": Object {},
    "name": "div",
    "type": "start",
  },
  Object {
    "attributes": Object {},
    "name": "p",
    "type": "start",
  },
  Object {
    "attributes": Object {},
    "name": "br",
    "type": "self-close",
  },
  Object {
    "name": "p",
    "type": "end",
  },
  Object {
    "attributes": Object {
      "style": "text-align: center; font-size: 15px;\\" data-mce-styl",
    },
    "name": "p",
    "type": "start",
  },
  Object {
    "attributes": Object {
      "alt": "Tiny M C E",
      "height": "97\\" data-mce-sr",
      "src": "https://www.tinymce.com/images/glyph-tinymce@2x.png",
      "width": "110",
    },
    "name": "img",
    "type": "self-close",
  },
  Object {
    "name": "p",
    "type": "end",
  },
  Object {
    "attributes": Object {
      "style": "text-align: center; color: #666; font-size: 15px; font-family: avenir",
    },
    "name": "p",
    "type": "start",
  },
  Object {
    "type": "string",
    "value": "This demo includes these TinyMCE Premium",
  },
  Object {
    "attributes": Object {
      "class": "mce-spellchecker-word",
      "data-mce-bogus": "1",
      "data-mce-word": "Plugins\\" data-mce-inde",
    },
    "name": "span",
    "type": "start",
  },
  Object {
    "type": "string",
    "value": "Plugins",
  },
  Object {
    "name": "span",
    "type": "end",
  },
  Object {
    "type": "string",
    "value": ":",
  },
  Object {
    "attributes": Object {
      "data-mce-href": "powerpaste\\" data-mce-linkchecker-statu",
      "href": "https://www.tinymce.com/powerpaste",
    },
    "name": "a",
    "type": "start",
  },
  Object {
    "type": "string",
    "value": "PowerPaste",
  },
  Object {
    "name": "a",
    "type": "end",
  },
  Object {
    "type": "string",
    "value": "(improved Word paste),",
  },
  Object {
    "attributes": Object {
      "data-mce-href": "accessibility-checker\\" data-mce-linkchecker-statu",
      "href": "https://www.tinymce.com/accessibility-checker",
    },
    "name": "a",
    "type": "start",
  },
  Object {
    "type": "string",
    "value": "Accessibility Checker",
  },
  Object {
    "name": "a",
    "type": "end",
  },
  Object {
    "type": "string",
    "value": ",",
  },
  Object {
    "attributes": Object {
      "data-mce-href": "spell-checker-pro\\"
      data-mce-linkchecker-statu",
      "href": "https://www.tinymce.com/spell-checker-pro",
    },
    "name": "a",
    "type": "start",
  },
  Object {
    "type": "string",
    "value": "Spell Checker Pro",
  },
  Object {
    "name": "a",
    "type": "end",
  },
  Object {
    "type": "string",
    "value": "&amp; file management with",
  },
  Object {
    "attributes": Object {
      "data-mce-href": "http://www.moxiemanager.com\\" data-mce-linkchecker-statu",
      "href": "http://www.moxiemanager.com",
    },
    "name": "a",
    "type": "start",
  },
  Object {
    "type": "string",
    "value": "MoxieManager",
  },
  Object {
    "name": "a",
    "type": "end",
  },
  Object {
    "type": "string",
    "value": ".",
  },
  Object {
    "name": "p",
    "type": "end",
  },
  Object {
    "attributes": Object {
      "style": "text-align: center; color: #666; font-size: 15px; font-family: avenir; font-weight: 200;\\"
    data-mce-styl",
    },
    "name": "p",
    "type": "start",
  },
  Object {
    "type": "string",
    "value": "TinyMCE is a platform indepen",
  },
  Object {
    "attributes": Object {},
    "name": "strong",
    "type": "start",
  },
  Object {
    "type": "string",
    "value": "dent web-",
  },
  Object {
    "name": "strong",
    "type": "end",
  },
  Object {
    "type": "string",
    "value": "based JavaScript HTML WYSIWYG",
  },
  Object {
    "attributes": Object {},
    "name": "br",
    "type": "self-close",
  },
  Object {
    "type": "string",
    "value": "editor control released as open source",
  },
  Object {
    "attributes": Object {},
    "name": "em",
    "type": "start",
  },
  Object {
    "type": "string",
    "value": "under",
  },
  Object {
    "name": "em",
    "type": "end",
  },
  Object {
    "type": "string",
    "value": "LGPL.",
  },
  Object {
    "name": "p",
    "type": "end",
  },
  Object {
    "attributes": Object {
      "style": "text-align: center; color: #666; font-size: 15px; font-family: avenir; font-weight: 200;\\" data-mce-styl",
    },
    "name": "p",
    "type": "start",
  },
  Object {
    "attributes": Object {},
    "name": "em",
    "type": "start",
  },
  Object {
    "type": "string",
    "value": "TinyMCE enables you to convert HTML",
  },
  Object {
    "attributes": Object {
      "class": "mce-spellchecker-word",
      "data-mce-bogus": "1",
      "data-mce-word": "textarea\\" data-mce-inde",
    },
    "name": "span",
    "type": "start",
  },
  Object {
    "type": "string",
    "value": "textarea",
  },
  Object {
    "name": "span",
    "type": "end",
  },
  Object {
    "type": "string",
    "value": "fields or other HTML elements to editor instances.",
  },
  Object {
    "name": "em",
    "type": "end",
  },
  Object {
    "name": "p",
    "type": "end",
  },
  Object {
    "attributes": Object {},
    "name": "p",
    "type": "start",
  },
  Object {
    "attributes": Object {},
    "name": "br",
    "type": "self-close",
  },
  Object {
    "name": "p",
    "type": "end",
  },
  Object {
    "name": "div",
    "type": "end",
  },
]
`;
