// Jest Snapshot v1, https://goo.gl/fbAQLP

exports[`transform works well on html1 with customized rule 1`] = `"<div><hr/><img src=\\"a.jpg\\" data-index=\\"2\\"/><h1 id=\\"x3\\">1234 &amp;amp;</h1><div class=\\"d3 d2&quot; i\\"><input value=\\"123\\" disabled=\\"\\"/></div></div>"`;

exports[`transform works well on html2 with customized rule 1`] = `
"<div><h1><br/></h1><h1><img src=\\"https://www.tinymce.com/images/glyph-tinymce@2x.png\\" alt=\\"TinyMCE\\" width=\\"110\\" height=\\"97&quot; data-mce-sr\\"/></h1><h1>This demo includes these TinyMCE Premium<span data-mce-bogus=\\"1\\" data-mce-word=\\"Plugins&quot; data-mce-inde\\" class=\\"mce-spellchecker-word\\">Plugins</span>:<a href=\\"https://www.tinymce.com/powerpaste\\" data-mce-href=\\"powerpaste&quot; data-mce-linkchecker-statu\\">PowerPaste</a>(improved Word paste),<a href=\\"https://www.tinymce.com/accessibility-checker\\" data-mce-href=\\"accessibility-checker&quot; data-mce-linkchecker-statu\\">Accessibility Checker</a>,<a href=\\"https://www.tinymce.com/spell-checker-pro\\" data-mce-href=\\"spell-checker-pro&quot;
      data-mce-linkchecker-statu\\">Spell Checker Pro</a>&amp;amp; file management with<a href=\\"http://www.moxiemanager.com\\" data-mce-href=\\"http://www.moxiemanager.com&quot; data-mce-linkchecker-statu\\">MoxieManager</a>.</h1><h1>TinyMCE is a platform indepen<strong>dent web-</strong>based JavaScript HTML WYSIWYG<br/>editor control released as open source<em>under</em>LGPL.</h1><h1><em>TinyMCE enables you to convert HTML<span data-mce-bogus=\\"1\\" data-mce-word=\\"textarea&quot; data-mce-inde\\" class=\\"mce-spellchecker-word\\">textarea</span>fields or other HTML elements to editor instances.</em></h1><h1><br/></h1></div>"
`;
